// Jest Snapshot v1, https://goo.gl/fbAQLP

exports[`Blank Renders  1`] = `<Fragment />`;
