// Jest Snapshot v1, https://goo.gl/fbAQLP

exports[`SignOn Renders  1`] = `
<Fragment>
  <ForwardRef
    id="Name"
    product="Name"
    user={true}
  />
</Fragment>
`;
